
  .   ____          _            __ _ _
 /\\ / ___'_ __ _ _(_)_ __  __ _ \ \ \ \
( ( )\___ | '_ | '_| | '_ \/ _` | \ \ \ \
 \\/  ___)| |_)| | | | | || (_| |  ) ) ) )
  '  |____| .__|_| |_|_| |_\__, | / / / /
 =========|_|==============|___/=/_/_/_/

 :: Spring Boot ::                (v4.0.4)

{"@timestamp":"2026-09-27T19:48:28.5950707-03:00","@version":"1","message":"Starting SpecRadarApplication using Java 25.0.4.1 with PID 22552 (C:\\Users\\tomaz\\projetos\\SpecRadar\\target\\classes started by tomaz in C:\\Users\\tomaz\\projetos\\SpecRadar)","logger_name":"br.com.fiap.specradar.SpecRadarApplication","thread_name":"main","level":"INFO","level_value":20000,"tags":["COMMONS-LOGGING"],"aplicacao":"specradar"}
{"@timestamp":"2026-09-27T19:48:28.6077224-03:00","@version":"1","message":"The following 1 profile is active: \"smoke\"","logger_name":"br.com.fiap.specradar.SpecRadarApplication","thread_name":"main","level":"INFO","level_value":20000,"tags":["COMMONS-LOGGING"],"aplicacao":"specradar"}
{"@timestamp":"2026-09-27T19:48:28.8334449-03:00","@version":"1","message":"HV000001: Hibernate Validator 9.0.1.Final","logger_name":"org.hibernate.validator.internal.util.Version","thread_name":"background-preinit","level":"INFO","level_value":20000,"aplicacao":"specradar"}
{"@timestamp":"2026-09-27T19:48:29.7310627-03:00","@version":"1","message":"Bootstrapping Spring Data JPA repositories in DEFAULT mode.","logger_name":"org.springframework.data.repository.config.RepositoryConfigurationDelegate","thread_name":"main","level":"INFO","level_value":20000,"tags":["COMMONS-LOGGING"],"aplicacao":"specradar"}
{"@timestamp":"2026-09-27T19:48:29.8076193-03:00","@version":"1","message":"Finished Spring Data repository scanning in 65 ms. Found 4 JPA repository interfaces.","logger_name":"org.springframework.data.repository.config.RepositoryConfigurationDelegate","thread_name":"main","level":"INFO","level_value":20000,"tags":["COMMONS-LOGGING"],"aplicacao":"specradar"}
{"@timestamp":"2026-09-27T19:48:30.5349304-03:00","@version":"1","message":"Tomcat initialized with port 8080 (http)","logger_name":"org.springframework.boot.tomcat.TomcatWebServer","thread_name":"main","level":"INFO","level_value":20000,"tags":["COMMONS-LOGGING"],"aplicacao":"specradar"}
{"@timestamp":"2026-09-27T19:48:30.5507909-03:00","@version":"1","message":"Initializing ProtocolHandler [\"http-nio-8080\"]","logger_name":"org.apache.coyote.http11.Http11NioProtocol","thread_name":"main","level":"INFO","level_value":20000,"aplicacao":"specradar"}
{"@timestamp":"2026-09-27T19:48:30.5529845-03:00","@version":"1","message":"Starting service [Tomcat]","logger_name":"org.apache.catalina.core.StandardService","thread_name":"main","level":"INFO","level_value":20000,"aplicacao":"specradar"}
{"@timestamp":"2026-09-27T19:48:30.5535581-03:00","@version":"1","message":"Starting Servlet engine: [Apache Tomcat/11.0.18]","logger_name":"org.apache.catalina.core.StandardEngine","thread_name":"main","level":"INFO","level_value":20000,"aplicacao":"specradar"}
{"@timestamp":"2026-09-27T19:48:30.641494-03:00","@version":"1","message":"Root WebApplicationContext: initialization completed in 1980 ms","logger_name":"org.springframework.boot.web.context.servlet.WebApplicationContextInitializer","thread_name":"main","level":"INFO","level_value":20000,"tags":["COMMONS-LOGGING"],"aplicacao":"specradar"}
{"@timestamp":"2026-09-27T19:48:30.9331315-03:00","@version":"1","message":"HHH008540: Processing PersistenceUnitInfo [name: default]","logger_name":"org.hibernate.orm.jpa","thread_name":"main","level":"INFO","level_value":20000,"aplicacao":"specradar"}
{"@timestamp":"2026-09-27T19:48:31.0138641-03:00","@version":"1","message":"HHH000001: Hibernate ORM core version 7.2.7.Final","logger_name":"org.hibernate.orm.core","thread_name":"main","level":"INFO","level_value":20000,"aplicacao":"specradar"}
{"@timestamp":"2026-09-27T19:48:31.5705518-03:00","@version":"1","message":"No LoadTimeWeaver setup: ignoring JPA class transformer","logger_name":"org.springframework.orm.jpa.persistenceunit.SpringPersistenceUnitInfo","thread_name":"main","level":"INFO","level_value":20000,"tags":["COMMONS-LOGGING"],"aplicacao":"specradar"}
{"@timestamp":"2026-09-27T19:48:31.6205971-03:00","@version":"1","message":"HikariPool-1 - Starting...","logger_name":"com.zaxxer.hikari.HikariDataSource","thread_name":"main","level":"INFO","level_value":20000,"aplicacao":"specradar"}
{"@timestamp":"2026-09-27T19:48:31.8837576-03:00","@version":"1","message":"HikariPool-1 - Added connection conn0: url=jdbc:h2:mem:smoke user=SA","logger_name":"com.zaxxer.hikari.pool.HikariPool","thread_name":"main","level":"INFO","level_value":20000,"aplicacao":"specradar"}
{"@timestamp":"2026-09-27T19:48:31.8857892-03:00","@version":"1","message":"HikariPool-1 - Start completed.","logger_name":"com.zaxxer.hikari.HikariDataSource","thread_name":"main","level":"INFO","level_value":20000,"aplicacao":"specradar"}
{"@timestamp":"2026-09-27T19:48:31.9961911-03:00","@version":"1","message":"HHH10001005: Database info:\n\tDatabase JDBC URL [jdbc:h2:mem:smoke]\n\tDatabase driver: H2 JDBC Driver\n\tDatabase dialect: H2Dialect\n\tDatabase version: 2.4.240\n\tDefault catalog/schema: SMOKE/PUBLIC\n\tAutocommit mode: undefined/unknown\n\tIsolation level: READ_COMMITTED [default READ_COMMITTED]\n\tJDBC fetch size: 100\n\tPool: DataSourceConnectionProvider\n\tMinimum pool size: undefined/unknown\n\tMaximum pool size: undefined/unknown","logger_name":"org.hibernate.orm.connections.pooling","thread_name":"main","level":"INFO","level_value":20000,"aplicacao":"specradar"}
{"@timestamp":"2026-09-27T19:48:33.2818027-03:00","@version":"1","message":"HHH000489: No JTA platform available (set 'hibernate.transaction.jta.platform' to enable JTA platform integration)","logger_name":"org.hibernate.orm.core","thread_name":"main","level":"INFO","level_value":20000,"aplicacao":"specradar"}
{"@timestamp":"2026-09-27T19:48:33.3502785-03:00","@version":"1","message":"Initialized JPA EntityManagerFactory for persistence unit 'default'","logger_name":"org.springframework.orm.jpa.LocalContainerEntityManagerFactoryBean","thread_name":"main","level":"INFO","level_value":20000,"tags":["COMMONS-LOGGING"],"aplicacao":"specradar"}
{"@timestamp":"2026-09-27T19:48:33.431841-03:00","@version":"1","message":"Hibernate is in classpath; If applicable, HQL parser will be used.","logger_name":"org.springframework.data.jpa.repository.query.QueryEnhancerFactories","thread_name":"main","level":"INFO","level_value":20000,"tags":["COMMONS-LOGGING"],"aplicacao":"specradar"}
{"@timestamp":"2026-09-27T19:48:33.8676062-03:00","@version":"1","message":"Global AuthenticationManager configured with UserDetailsService bean with name autenticacaoService","logger_name":"org.springframework.security.config.annotation.authentication.configuration.InitializeUserDetailsBeanManagerConfigurer$InitializeUserDetailsManagerConfigurer","thread_name":"main","level":"INFO","level_value":20000,"tags":["COMMONS-LOGGING"],"aplicacao":"specradar"}
{"@timestamp":"2026-09-27T19:48:34.9525053-03:00","@version":"1","message":"Exposing 2 endpoints beneath base path '/actuator'","logger_name":"org.springframework.boot.actuate.endpoint.web.EndpointLinksResolver","thread_name":"main","level":"INFO","level_value":20000,"tags":["COMMONS-LOGGING"],"aplicacao":"specradar"}
{"@timestamp":"2026-09-27T19:48:35.0520869-03:00","@version":"1","message":"Starting ProtocolHandler [\"http-nio-8080\"]","logger_name":"org.apache.coyote.http11.Http11NioProtocol","thread_name":"main","level":"INFO","level_value":20000,"aplicacao":"specradar"}
{"@timestamp":"2026-09-27T19:48:35.0714274-03:00","@version":"1","message":"Exception encountered during context initialization - cancelling refresh attempt: org.springframework.context.ApplicationContextException: Failed to start bean 'webServerStartStop'","logger_name":"org.springframework.boot.web.server.servlet.context.AnnotationConfigServletWebServerApplicationContext","thread_name":"main","level":"WARN","level_value":30000,"tags":["COMMONS-LOGGING"],"aplicacao":"specradar"}
{"@timestamp":"2026-09-27T19:48:35.0753711-03:00","@version":"1","message":"Closing JPA EntityManagerFactory for persistence unit 'default'","logger_name":"org.springframework.orm.jpa.LocalContainerEntityManagerFactoryBean","thread_name":"main","level":"INFO","level_value":20000,"tags":["COMMONS-LOGGING"],"aplicacao":"specradar"}
{"@timestamp":"2026-09-27T19:48:35.0849151-03:00","@version":"1","message":"HikariPool-1 - Shutdown initiated...","logger_name":"com.zaxxer.hikari.HikariDataSource","thread_name":"main","level":"INFO","level_value":20000,"aplicacao":"specradar"}
{"@timestamp":"2026-09-27T19:48:35.0859147-03:00","@version":"1","message":"HikariPool-1 - Shutdown completed.","logger_name":"com.zaxxer.hikari.HikariDataSource","thread_name":"main","level":"INFO","level_value":20000,"aplicacao":"specradar"}
{"@timestamp":"2026-09-27T19:48:35.0998069-03:00","@version":"1","message":"\r\n\r\nError starting ApplicationContext. To display the condition evaluation report re-run your application with 'debug' enabled.","logger_name":"org.springframework.boot.autoconfigure.logging.ConditionEvaluationReportLogger","thread_name":"main","level":"INFO","level_value":20000,"tags":["COMMONS-LOGGING"],"aplicacao":"specradar"}
{"@timestamp":"2026-09-27T19:48:35.1156255-03:00","@version":"1","message":"\r\n\r\n***************************\r\nAPPLICATION FAILED TO START\r\n***************************\r\n\r\nDescription:\r\n\r\nWeb server failed to start. Port 8080 was already in use.\r\n\r\nAction:\r\n\r\nIdentify and stop the process that's listening on port 8080 or configure this application to listen on another port.\r\n","logger_name":"org.springframework.boot.diagnostics.LoggingFailureAnalysisReporter","thread_name":"main","level":"ERROR","level_value":40000,"tags":["COMMONS-LOGGING"],"aplicacao":"specradar"}
[ERROR] Failed to execute goal org.springframework.boot:spring-boot-maven-plugin:4.0.4:run (default-cli) on project SpecRadar: Process terminated with exit code: 1 -> [Help 1]
[ERROR] 
[ERROR] To see the full stack trace of the errors, re-run Maven with the -e switch.
[ERROR] Re-run Maven using the -X switch to enable full debug logging.
[ERROR] 
[ERROR] For more information about the errors and possible solutions, please read the following articles:
[ERROR] [Help 1] http://cwiki.apache.org/confluence/display/MAVEN/MojoExecutionException
